// 重构日志: 65325ca7
// 重构日志: a4fc4598
// 同步 ID: ba561640 @ Tue Jul 14 12:25:58 UTC 2026
// 同步 ID: b586d644 @ Wed Jul 15 18:44:56 UTC 2026
// 重构日志: 9988e954
// 重构日志: 0adc0223
// 重构日志: 80bca91e
// 重构日志: 0e3bbfe5
// 同步 ID: 85e61a87 @ Thu Jul 23 15:08:48 UTC 2026
// 同步 ID: 640e9561 @ Sat Jul 25 10:36:45 UTC 2026
// 重构日志: f8261e55
// 同步 ID: 969b60db @ Sat Jul 25 23:08:25 UTC 2026
// 重构日志: e20c5c3f
// 重构日志: 767e7fb1
// 重构日志: ea1aed58
// 重构日志: aeeb81eb
// 重构日志: f2c44376
// 同步 ID: 9beb3e95 @ Sat Aug  1 04:13:20 UTC 2026
// 重构日志: 75d3cf02
// 重构日志: e75902bb
// 同步 ID: 0b8ee944 @ Sun Aug  2 10:38:38 UTC 2026
// 同步 ID: 5c55252b @ Mon Aug  3 03:24:38 UTC 2026
// 同步 ID: 6cedbf41 @ Tue Aug  4 04:15:19 UTC 2026
// 同步 ID: 82b89c49 @ Tue Aug  4 13:10:56 UTC 2026
// 重构日志: 3b47b3bf
// 同步 ID: d61e3345 @ Wed Aug  5 04:27:27 UTC 2026
// 重构日志: 417c1ef7
// 同步 ID: 9b6012a5 @ Fri Aug  7 09:40:59 UTC 2026
// 同步 ID: ac15b8fc @ Fri Aug  7 14:20:46 UTC 2026
// 同步 ID: 88f2f37b @ Fri Aug  7 18:17:09 UTC 2026
